2025-11-28 20:27:21,615 - INFO - Logging setup complete. Log file: /Users/adarshainamdar/Downloads/Major_Project-main/outputs/logs/training_notebook.log
2025-11-28 20:27:21,616 - INFO - Found local data at '/Users/adarshainamdar/Downloads/Major_Project-main/data/raw'.
2025-11-28 20:27:21,616 - INFO - Starting image preprocessing (resizing to 224x224)...
2025-11-28 20:27:23,349 - INFO - Image preprocessing complete.
2025-11-28 20:27:23,350 - INFO - Splitting data into train, validation, and test sets.
2025-11-28 20:27:23,726 - INFO - Data splitting complete.
2025-11-28 20:27:23,753 - INFO - Using device: mps
2025-11-28 20:27:23,754 - INFO - 
=== STARTING PSO HYPERPARAMETER OPTIMIZATION ===
2025-11-28 20:27:23,755 - INFO - --- PSO Trial: LR=0.000264, BS=9 ---
2025-11-28 20:28:02,097 - INFO - PSO trial finished. Average validation loss: 1.5885
2025-11-28 20:28:02,099 - INFO - --- PSO Trial: LR=0.005251, BS=17 ---
2025-11-28 20:28:31,104 - INFO - PSO trial finished. Average validation loss: 1.3924
2025-11-28 20:28:31,105 - INFO - --- PSO Trial: LR=0.003518, BS=50 ---
2025-11-28 20:28:57,215 - INFO - PSO trial finished. Average validation loss: 1.3811
2025-11-28 20:28:57,218 - INFO - --- PSO Trial: LR=0.003903, BS=15 ---
2025-11-28 20:29:24,623 - INFO - PSO trial finished. Average validation loss: 1.4649
2025-11-28 20:29:24,626 - INFO - --- PSO Trial: LR=0.003612, BS=14 ---
2025-11-28 20:29:50,603 - INFO - PSO trial finished. Average validation loss: 1.6176
2025-11-28 20:29:50,604 - INFO - --- PSO Trial: LR=0.004682, BS=53 ---
2025-11-28 20:30:15,141 - INFO - PSO trial finished. Average validation loss: 1.8226
2025-11-28 20:30:15,145 - INFO - --- PSO Trial: LR=0.007674, BS=9 ---
2025-11-28 20:30:42,337 - INFO - PSO trial finished. Average validation loss: 1.6469
2025-11-28 20:30:42,338 - INFO - --- PSO Trial: LR=0.007555, BS=42 ---
2025-11-28 20:31:06,835 - INFO - PSO trial finished. Average validation loss: 1.3937
2025-11-28 20:31:06,839 - INFO - --- PSO Trial: LR=0.008440, BS=50 ---
2025-11-28 20:31:31,206 - INFO - PSO trial finished. Average validation loss: 1.5104
2025-11-28 20:31:31,211 - INFO - --- PSO Trial: LR=0.000368, BS=47 ---
2025-11-28 20:31:59,313 - INFO - PSO trial finished. Average validation loss: 0.6788
2025-11-28 20:31:59,321 - INFO - --- PSO Trial: LR=0.004262, BS=54 ---
2025-11-28 20:32:27,328 - INFO - PSO trial finished. Average validation loss: 5.3595
2025-11-28 20:32:27,332 - INFO - --- PSO Trial: LR=0.000010, BS=8 ---
2025-11-28 20:32:59,021 - INFO - PSO trial finished. Average validation loss: 1.1210
2025-11-28 20:32:59,023 - INFO - --- PSO Trial: LR=0.006890, BS=52 ---
2025-11-28 20:33:22,868 - INFO - PSO trial finished. Average validation loss: 1.3134
2025-11-28 20:33:22,871 - INFO - --- PSO Trial: LR=0.006505, BS=9 ---
2025-11-28 20:33:50,121 - INFO - PSO trial finished. Average validation loss: 1.4464
2025-11-28 20:33:50,122 - INFO - --- PSO Trial: LR=0.000010, BS=10 ---
2025-11-28 20:34:19,963 - INFO - PSO trial finished. Average validation loss: 1.0476
2025-11-28 20:34:19,967 - INFO - --- PSO Trial: LR=0.007388, BS=29 ---
2025-11-28 20:34:45,825 - INFO - PSO trial finished. Average validation loss: 1.4314
2025-11-28 20:34:45,828 - INFO - --- PSO Trial: LR=0.005636, BS=18 ---
2025-11-28 20:35:10,563 - INFO - PSO trial finished. Average validation loss: 1.5382
2025-11-28 20:35:10,573 - INFO - --- PSO Trial: LR=0.005089, BS=40 ---
2025-11-28 20:35:32,989 - INFO - PSO trial finished. Average validation loss: 1.3507
2025-11-28 20:35:32,991 - INFO - --- PSO Trial: LR=0.004647, BS=26 ---
2025-11-28 20:35:54,720 - INFO - PSO trial finished. Average validation loss: 1.3483
2025-11-28 20:35:54,721 - INFO - --- PSO Trial: LR=0.000010, BS=25 ---
2025-11-28 20:36:18,870 - INFO - PSO trial finished. Average validation loss: 1.1952
2025-11-28 20:36:18,874 - INFO - --- PSO Trial: LR=0.004793, BS=64 ---
2025-11-28 20:36:40,789 - INFO - PSO trial finished. Average validation loss: 1.2887
2025-11-28 20:36:40,792 - INFO - --- PSO Trial: LR=0.000010, BS=15 ---
2025-11-28 20:37:04,753 - INFO - PSO trial finished. Average validation loss: 1.1424
2025-11-28 20:37:04,755 - INFO - --- PSO Trial: LR=0.006738, BS=51 ---
2025-11-28 20:37:28,268 - INFO - PSO trial finished. Average validation loss: 1.6073
2025-11-28 20:37:28,271 - INFO - --- PSO Trial: LR=0.005218, BS=18 ---
2025-11-28 20:37:51,306 - INFO - PSO trial finished. Average validation loss: 1.3141
2025-11-28 20:37:51,308 - INFO - --- PSO Trial: LR=0.000010, BS=26 ---
2025-11-28 20:38:14,044 - INFO - PSO trial finished. Average validation loss: 1.2392
2025-11-28 20:38:14,047 - INFO - --- PSO Trial: LR=0.008144, BS=21 ---
2025-11-28 20:38:36,896 - INFO - PSO trial finished. Average validation loss: 3.8207
2025-11-28 20:38:36,898 - INFO - --- PSO Trial: LR=0.002885, BS=27 ---
2025-11-28 20:39:00,482 - INFO - PSO trial finished. Average validation loss: 1.3783
2025-11-28 20:39:00,486 - INFO - --- PSO Trial: LR=0.003743, BS=40 ---
2025-11-28 20:39:21,575 - INFO - PSO trial finished. Average validation loss: 1.9477
2025-11-28 20:39:21,576 - INFO - --- PSO Trial: LR=0.002508, BS=17 ---
2025-11-28 20:39:45,003 - INFO - PSO trial finished. Average validation loss: 1.3662
2025-11-28 20:39:45,003 - INFO - --- PSO Trial: LR=0.000010, BS=23 ---
2025-11-28 20:41:27,481 - INFO - PSO trial finished. Average validation loss: 1.2138
2025-11-28 20:41:27,487 - INFO - --- PSO Trial: LR=0.003493, BS=64 ---
2025-11-28 21:01:04,475 - INFO - PSO trial finished. Average validation loss: 1.3564
2025-11-28 21:01:04,477 - INFO - --- PSO Trial: LR=0.000010, BS=27 ---
2025-11-28 21:06:17,500 - INFO - PSO trial finished. Average validation loss: 1.2204
2025-11-28 21:06:17,503 - INFO - --- PSO Trial: LR=0.004505, BS=51 ---
2025-11-28 21:37:32,039 - INFO - PSO trial finished. Average validation loss: 1.3042
2025-11-28 21:37:32,051 - INFO - --- PSO Trial: LR=0.004119, BS=25 ---
2025-11-28 21:37:54,703 - INFO - PSO trial finished. Average validation loss: 1.5382
2025-11-28 21:37:54,706 - INFO - --- PSO Trial: LR=0.000010, BS=37 ---
2025-11-28 21:38:17,815 - INFO - PSO trial finished. Average validation loss: 1.3065
2025-11-28 21:38:17,816 - INFO - --- PSO Trial: LR=0.006948, BS=28 ---
2025-11-28 21:39:19,826 - INFO - PSO trial finished. Average validation loss: 1.3880
2025-11-28 21:39:19,829 - INFO - --- PSO Trial: LR=0.000984, BS=31 ---
2025-11-28 21:39:55,005 - INFO - PSO trial finished. Average validation loss: 1.5738
2025-11-28 21:39:55,006 - INFO - --- PSO Trial: LR=0.002774, BS=44 ---
2025-11-28 21:40:17,218 - INFO - PSO trial finished. Average validation loss: 1.8199
2025-11-28 21:40:17,222 - INFO - --- PSO Trial: LR=0.002136, BS=13 ---
2025-11-28 21:40:41,920 - INFO - PSO trial finished. Average validation loss: 1.3488
2025-11-28 21:40:41,921 - INFO - --- PSO Trial: LR=0.000010, BS=36 ---
2025-11-28 21:41:03,106 - INFO - PSO trial finished. Average validation loss: 1.2980
2025-11-28 21:41:03,111 - INFO - --- PSO Trial: LR=0.001590, BS=64 ---
2025-11-28 21:41:24,986 - INFO - PSO trial finished. Average validation loss: 2.3575
2025-11-28 21:41:24,989 - INFO - --- PSO Trial: LR=0.000010, BS=42 ---
2025-11-28 21:41:47,011 - INFO - PSO trial finished. Average validation loss: 1.3221
2025-11-28 21:41:47,013 - INFO - --- PSO Trial: LR=0.002657, BS=49 ---
2025-11-28 21:42:10,211 - INFO - PSO trial finished. Average validation loss: 1.6661
2025-11-28 21:42:10,212 - INFO - --- PSO Trial: LR=0.002162, BS=36 ---
2025-11-28 21:42:31,139 - INFO - PSO trial finished. Average validation loss: 1.1915
2025-11-28 21:42:31,141 - INFO - --- PSO Trial: LR=0.000010, BS=44 ---
2025-11-28 21:42:53,169 - INFO - PSO trial finished. Average validation loss: 1.3830
2025-11-28 21:42:53,171 - INFO - --- PSO Trial: LR=0.003760, BS=37 ---
2025-11-28 21:43:14,390 - INFO - PSO trial finished. Average validation loss: 1.2770
2025-11-28 21:43:14,391 - INFO - --- PSO Trial: LR=0.000374, BS=38 ---
2025-11-28 21:43:36,354 - INFO - PSO trial finished. Average validation loss: 0.7677
2025-11-28 21:43:36,355 - INFO - --- PSO Trial: LR=0.002291, BS=46 ---
2025-11-28 21:43:58,357 - INFO - PSO trial finished. Average validation loss: 1.7251
2025-11-28 21:43:58,375 - INFO - --- PSO Trial: LR=0.001983, BS=22 ---
2025-11-28 21:44:21,047 - INFO - PSO trial finished. Average validation loss: 1.3072
2025-11-28 21:44:21,054 - INFO - --- PSO Trial: LR=0.000141, BS=49 ---
2025-11-28 21:44:44,097 - INFO - PSO trial finished. Average validation loss: 0.7155
2025-11-28 21:44:44,103 - INFO - --- PSO Trial: LR=0.001249, BS=61 ---
2025-11-28 21:45:07,803 - INFO - PSO trial finished. Average validation loss: 2.2920
2025-11-28 21:45:07,806 - INFO - --- PSO Trial: LR=0.000010, BS=51 ---
2025-11-28 21:45:31,069 - INFO - PSO trial finished. Average validation loss: 1.3221
2025-11-28 21:45:31,072 - INFO - --- PSO Trial: LR=0.001993, BS=48 ---
2025-11-28 21:45:53,304 - INFO - PSO trial finished. Average validation loss: 1.2681
2025-11-28 21:45:53,310 - INFO - --- PSO Trial: LR=0.001083, BS=45 ---
2025-11-28 21:46:19,537 - INFO - PSO trial finished. Average validation loss: 1.5323
2025-11-28 21:46:19,550 - INFO - --- PSO Trial: LR=0.000010, BS=43 ---
2025-11-28 21:46:43,695 - INFO - PSO trial finished. Average validation loss: 1.3040
2025-11-28 21:46:43,706 - INFO - --- PSO Trial: LR=0.000557, BS=45 ---
2025-11-28 21:47:07,246 - INFO - PSO trial finished. Average validation loss: 1.4371
2025-11-28 21:47:07,250 - INFO - --- PSO Trial: LR=0.000066, BS=42 ---
2025-11-28 21:47:29,560 - INFO - PSO trial finished. Average validation loss: 0.5952
2025-11-28 21:47:29,565 - INFO - --- PSO Trial: LR=0.002868, BS=44 ---
2025-11-28 21:47:51,350 - INFO - PSO trial finished. Average validation loss: 1.5294
2025-11-28 21:47:51,352 - INFO - --- PSO Trial: LR=0.000978, BS=33 ---
2025-11-28 21:48:14,080 - INFO - PSO trial finished. Average validation loss: 1.4692
2025-11-28 21:48:14,082 - INFO - --- PSO Trial: LR=0.000225, BS=54 ---
2025-11-28 21:48:35,775 - INFO - PSO trial finished. Average validation loss: 0.7193
2025-11-28 21:48:35,796 - INFO - PSO complete. Best hyperparameters found: LR=0.000066, BS=42
2025-11-28 21:48:35,796 - INFO - Minimum validation loss: 0.5952
2025-11-28 21:48:35,796 - INFO - 
=== BASELINE MODEL PIPELINE (with standard settings) ===
2025-11-28 21:48:35,972 - INFO - --- Starting Baseline Model Training ---
2025-11-28 21:48:40,707 - INFO - Epoch 1/100 | Validation Acc: 0.4740
2025-11-28 21:48:40,814 - INFO - New best baseline model saved with acc: 0.4740
2025-11-28 21:48:45,153 - INFO - Epoch 2/100 | Validation Acc: 0.6198
2025-11-28 21:48:45,219 - INFO - New best baseline model saved with acc: 0.6198
2025-11-28 21:48:49,533 - INFO - Epoch 3/100 | Validation Acc: 0.5833
2025-11-28 21:48:53,867 - INFO - Epoch 4/100 | Validation Acc: 0.5625
2025-11-28 21:48:58,192 - INFO - Epoch 5/100 | Validation Acc: 0.6562
2025-11-28 21:48:58,256 - INFO - New best baseline model saved with acc: 0.6562
2025-11-28 21:49:02,577 - INFO - Epoch 6/100 | Validation Acc: 0.5104
2025-11-28 21:49:06,907 - INFO - Epoch 7/100 | Validation Acc: 0.6927
2025-11-28 21:49:06,975 - INFO - New best baseline model saved with acc: 0.6927
2025-11-28 21:49:11,305 - INFO - Epoch 8/100 | Validation Acc: 0.7031
2025-11-28 21:49:11,369 - INFO - New best baseline model saved with acc: 0.7031
2025-11-28 21:49:15,724 - INFO - Epoch 9/100 | Validation Acc: 0.7031
2025-11-28 21:49:20,049 - INFO - Epoch 10/100 | Validation Acc: 0.7292
2025-11-28 21:49:20,114 - INFO - New best baseline model saved with acc: 0.7292
2025-11-28 21:49:24,437 - INFO - Epoch 11/100 | Validation Acc: 0.7917
2025-11-28 21:49:24,501 - INFO - New best baseline model saved with acc: 0.7917
2025-11-28 21:49:28,824 - INFO - Epoch 12/100 | Validation Acc: 0.6719
2025-11-28 21:49:33,150 - INFO - Epoch 13/100 | Validation Acc: 0.8073
2025-11-28 21:49:33,218 - INFO - New best baseline model saved with acc: 0.8073
2025-11-28 21:49:37,544 - INFO - Epoch 14/100 | Validation Acc: 0.6771
2025-11-28 21:49:41,872 - INFO - Epoch 15/100 | Validation Acc: 0.6771
2025-11-28 21:49:46,215 - INFO - Epoch 16/100 | Validation Acc: 0.7188
2025-11-28 21:49:50,543 - INFO - Epoch 17/100 | Validation Acc: 0.7760
2025-11-28 21:49:54,871 - INFO - Epoch 18/100 | Validation Acc: 0.7083
2025-11-28 21:49:59,191 - INFO - Epoch 19/100 | Validation Acc: 0.6979
2025-11-28 21:50:03,543 - INFO - Epoch 20/100 | Validation Acc: 0.8490
2025-11-28 21:50:03,614 - INFO - New best baseline model saved with acc: 0.8490
2025-11-28 21:50:07,958 - INFO - Epoch 21/100 | Validation Acc: 0.8073
2025-11-28 21:50:12,284 - INFO - Epoch 22/100 | Validation Acc: 0.7656
2025-11-28 21:50:16,605 - INFO - Epoch 23/100 | Validation Acc: 0.7917
2025-11-28 21:50:20,950 - INFO - Epoch 24/100 | Validation Acc: 0.7396
2025-11-28 21:50:25,277 - INFO - Epoch 25/100 | Validation Acc: 0.7969
2025-11-28 21:50:29,599 - INFO - Epoch 26/100 | Validation Acc: 0.8281
2025-11-28 21:50:33,938 - INFO - Epoch 27/100 | Validation Acc: 0.7917
2025-11-28 21:50:38,262 - INFO - Epoch 28/100 | Validation Acc: 0.8281
2025-11-28 21:50:42,587 - INFO - Epoch 29/100 | Validation Acc: 0.8177
2025-11-28 21:50:46,916 - INFO - Epoch 30/100 | Validation Acc: 0.7604
2025-11-28 21:50:51,246 - INFO - Epoch 31/100 | Validation Acc: 0.6562
2025-11-28 21:50:55,572 - INFO - Epoch 32/100 | Validation Acc: 0.7760
2025-11-28 21:50:59,896 - INFO - Epoch 33/100 | Validation Acc: 0.7344
2025-11-28 21:51:04,242 - INFO - Epoch 34/100 | Validation Acc: 0.8385
2025-11-28 21:51:08,573 - INFO - Epoch 35/100 | Validation Acc: 0.7812
2025-11-28 21:51:12,907 - INFO - Epoch 36/100 | Validation Acc: 0.7083
2025-11-28 21:51:17,236 - INFO - Epoch 37/100 | Validation Acc: 0.7292
2025-11-28 21:51:21,559 - INFO - Epoch 38/100 | Validation Acc: 0.7188
2025-11-28 21:51:25,884 - INFO - Epoch 39/100 | Validation Acc: 0.8698
2025-11-28 21:51:25,948 - INFO - New best baseline model saved with acc: 0.8698
2025-11-28 21:51:30,291 - INFO - Epoch 40/100 | Validation Acc: 0.9010
2025-11-28 21:51:30,358 - INFO - New best baseline model saved with acc: 0.9010
2025-11-28 21:51:34,670 - INFO - Epoch 41/100 | Validation Acc: 0.8229
2025-11-28 21:51:39,010 - INFO - Epoch 42/100 | Validation Acc: 0.7760
2025-11-28 21:51:43,352 - INFO - Epoch 43/100 | Validation Acc: 0.6406
2025-11-28 21:51:47,701 - INFO - Epoch 44/100 | Validation Acc: 0.9010
2025-11-28 21:51:52,022 - INFO - Epoch 45/100 | Validation Acc: 0.7760
2025-11-28 21:51:56,333 - INFO - Epoch 46/100 | Validation Acc: 0.8490
2025-11-28 21:52:00,665 - INFO - Epoch 47/100 | Validation Acc: 0.7604
2025-11-28 21:52:04,998 - INFO - Epoch 48/100 | Validation Acc: 0.8594
2025-11-28 21:52:09,333 - INFO - Epoch 49/100 | Validation Acc: 0.8594
2025-11-28 21:52:13,667 - INFO - Epoch 50/100 | Validation Acc: 0.8281
2025-11-28 21:52:17,991 - INFO - Epoch 51/100 | Validation Acc: 0.7188
2025-11-28 21:52:22,315 - INFO - Epoch 52/100 | Validation Acc: 0.8542
2025-11-28 21:52:26,669 - INFO - Epoch 53/100 | Validation Acc: 0.8438
2025-11-28 21:52:31,002 - INFO - Epoch 54/100 | Validation Acc: 0.8958
2025-11-28 21:52:35,331 - INFO - Epoch 55/100 | Validation Acc: 0.8646
2025-11-28 21:52:39,673 - INFO - Epoch 56/100 | Validation Acc: 0.8542
2025-11-28 21:52:44,038 - INFO - Epoch 57/100 | Validation Acc: 0.8542
2025-11-28 21:52:48,374 - INFO - Epoch 58/100 | Validation Acc: 0.8542
2025-11-28 21:52:52,727 - INFO - Epoch 59/100 | Validation Acc: 0.9010
2025-11-28 21:52:57,081 - INFO - Epoch 60/100 | Validation Acc: 0.8750
2025-11-28 21:53:01,438 - INFO - Epoch 61/100 | Validation Acc: 0.8177
2025-11-28 21:53:05,799 - INFO - Epoch 62/100 | Validation Acc: 0.8906
2025-11-28 21:53:10,154 - INFO - Epoch 63/100 | Validation Acc: 0.8802
2025-11-28 21:53:14,522 - INFO - Epoch 64/100 | Validation Acc: 0.8542
2025-11-28 21:53:18,853 - INFO - Epoch 65/100 | Validation Acc: 0.8229
2025-11-28 21:53:23,192 - INFO - Epoch 66/100 | Validation Acc: 0.8073
2025-11-28 21:53:27,530 - INFO - Epoch 67/100 | Validation Acc: 0.8542
2025-11-28 21:53:31,886 - INFO - Epoch 68/100 | Validation Acc: 0.8333
2025-11-28 21:53:36,278 - INFO - Epoch 69/100 | Validation Acc: 0.8906
2025-11-28 21:53:40,640 - INFO - Epoch 70/100 | Validation Acc: 0.8698
2025-11-28 21:53:45,014 - INFO - Epoch 71/100 | Validation Acc: 0.8802
2025-11-28 21:53:49,381 - INFO - Epoch 72/100 | Validation Acc: 0.8333
2025-11-28 21:53:53,736 - INFO - Epoch 73/100 | Validation Acc: 0.8073
2025-11-28 21:53:58,061 - INFO - Epoch 74/100 | Validation Acc: 0.8750
2025-11-28 21:54:02,391 - INFO - Epoch 75/100 | Validation Acc: 0.8854
2025-11-28 21:54:06,720 - INFO - Epoch 76/100 | Validation Acc: 0.8646
2025-11-28 21:54:11,049 - INFO - Epoch 77/100 | Validation Acc: 0.8750
2025-11-28 21:54:15,395 - INFO - Epoch 78/100 | Validation Acc: 0.8698
2025-11-28 21:54:19,725 - INFO - Epoch 79/100 | Validation Acc: 0.8542
2025-11-28 21:54:24,061 - INFO - Epoch 80/100 | Validation Acc: 0.8594
2025-11-28 21:54:28,390 - INFO - Epoch 81/100 | Validation Acc: 0.7552
2025-11-28 21:54:32,724 - INFO - Epoch 82/100 | Validation Acc: 0.8594
2025-11-28 21:54:37,086 - INFO - Epoch 83/100 | Validation Acc: 0.9010
2025-11-28 21:54:41,447 - INFO - Epoch 84/100 | Validation Acc: 0.9271
2025-11-28 21:54:41,522 - INFO - New best baseline model saved with acc: 0.9271
2025-11-28 21:54:45,901 - INFO - Epoch 85/100 | Validation Acc: 0.8958
2025-11-28 21:54:50,265 - INFO - Epoch 86/100 | Validation Acc: 0.8802
2025-11-28 21:54:54,613 - INFO - Epoch 87/100 | Validation Acc: 0.8906
2025-11-28 21:54:58,953 - INFO - Epoch 88/100 | Validation Acc: 0.8698
2025-11-28 21:55:03,309 - INFO - Epoch 89/100 | Validation Acc: 0.8073
2025-11-28 21:55:07,645 - INFO - Epoch 90/100 | Validation Acc: 0.7865
2025-11-28 21:55:11,980 - INFO - Epoch 91/100 | Validation Acc: 0.8490
2025-11-28 21:55:16,336 - INFO - Epoch 92/100 | Validation Acc: 0.9062
2025-11-28 21:55:20,676 - INFO - Epoch 93/100 | Validation Acc: 0.8177
2025-11-28 21:55:25,035 - INFO - Epoch 94/100 | Validation Acc: 0.7865
2025-11-28 21:55:29,429 - INFO - Epoch 95/100 | Validation Acc: 0.8177
2025-11-28 21:55:33,844 - INFO - Epoch 96/100 | Validation Acc: 0.8698
2025-11-28 21:55:38,358 - INFO - Epoch 97/100 | Validation Acc: 0.8958
2025-11-28 21:55:42,869 - INFO - Epoch 98/100 | Validation Acc: 0.7812
2025-11-28 21:55:47,586 - INFO - Epoch 99/100 | Validation Acc: 0.8542
2025-11-28 21:55:52,433 - INFO - Epoch 100/100 | Validation Acc: 0.8438
2025-11-28 21:55:52,434 - INFO - 
Loading best baseline model for final evaluation.
2025-11-28 21:55:52,491 - INFO - --- Evaluating Model on Test Set ---
2025-11-28 21:55:52,951 - INFO - Classification Report:
              precision    recall  f1-score   support

         ALL       1.00      1.00      1.00        48
         AML       0.94      0.92      0.93        48
         CLL       0.90      0.90      0.90        48
         CML       0.88      0.90      0.89        48

    accuracy                           0.93       192
   macro avg       0.93      0.93      0.93       192
weighted avg       0.93      0.93      0.93       192

2025-11-28 21:55:53,159 - INFO - 
=== MULTI-TASK MODEL PIPELINE (with optimized settings) ===
2025-11-28 21:55:53,347 - INFO - --- Starting Multi-Task Model Training ---
2025-11-28 21:55:58,487 - INFO - Epoch 1/100 | Validation Type Acc: 0.6354
2025-11-28 21:55:58,585 - INFO - New best multi-task model saved with acc: 0.6354
2025-11-28 21:56:03,526 - INFO - Epoch 2/100 | Validation Type Acc: 0.7760
2025-11-28 21:56:03,594 - INFO - New best multi-task model saved with acc: 0.7760
2025-11-28 21:56:08,626 - INFO - Epoch 3/100 | Validation Type Acc: 0.7917
2025-11-28 21:56:08,692 - INFO - New best multi-task model saved with acc: 0.7917
2025-11-28 21:56:13,774 - INFO - Epoch 4/100 | Validation Type Acc: 0.8229
2025-11-28 21:56:13,840 - INFO - New best multi-task model saved with acc: 0.8229
2025-11-28 21:56:18,908 - INFO - Epoch 5/100 | Validation Type Acc: 0.8438
2025-11-28 21:56:18,972 - INFO - New best multi-task model saved with acc: 0.8438
2025-11-28 21:56:24,055 - INFO - Epoch 6/100 | Validation Type Acc: 0.8333
2025-11-28 21:56:28,809 - INFO - Epoch 7/100 | Validation Type Acc: 0.8438
2025-11-28 21:56:33,455 - INFO - Epoch 8/100 | Validation Type Acc: 0.8438
2025-11-28 21:56:38,051 - INFO - Epoch 9/100 | Validation Type Acc: 0.8958
2025-11-28 21:56:38,119 - INFO - New best multi-task model saved with acc: 0.8958
2025-11-28 21:56:42,708 - INFO - Epoch 10/100 | Validation Type Acc: 0.8854
2025-11-28 21:56:47,302 - INFO - Epoch 11/100 | Validation Type Acc: 0.9010
2025-11-28 21:56:47,379 - INFO - New best multi-task model saved with acc: 0.9010
2025-11-28 21:56:51,955 - INFO - Epoch 12/100 | Validation Type Acc: 0.8490
2025-11-28 21:56:56,565 - INFO - Epoch 13/100 | Validation Type Acc: 0.8802
2025-11-28 21:57:01,210 - INFO - Epoch 14/100 | Validation Type Acc: 0.9167
2025-11-28 21:57:01,279 - INFO - New best multi-task model saved with acc: 0.9167
2025-11-28 21:57:05,893 - INFO - Epoch 15/100 | Validation Type Acc: 0.9062
2025-11-28 21:57:10,498 - INFO - Epoch 16/100 | Validation Type Acc: 0.9010
2025-11-28 21:57:15,126 - INFO - Epoch 17/100 | Validation Type Acc: 0.9010
2025-11-28 21:57:19,740 - INFO - Epoch 18/100 | Validation Type Acc: 0.9062
2025-11-28 21:57:24,348 - INFO - Epoch 19/100 | Validation Type Acc: 0.8802
2025-11-28 21:57:28,957 - INFO - Epoch 20/100 | Validation Type Acc: 0.8854
2025-11-28 21:57:33,685 - INFO - Epoch 21/100 | Validation Type Acc: 0.8490
2025-11-28 21:57:38,463 - INFO - Epoch 22/100 | Validation Type Acc: 0.9323
2025-11-28 21:57:38,538 - INFO - New best multi-task model saved with acc: 0.9323
2025-11-28 21:57:43,311 - INFO - Epoch 23/100 | Validation Type Acc: 0.9062
2025-11-28 21:57:48,714 - INFO - Epoch 24/100 | Validation Type Acc: 0.8854
2025-11-28 21:57:54,523 - INFO - Epoch 25/100 | Validation Type Acc: 0.9167
2025-11-28 21:57:59,631 - INFO - Epoch 26/100 | Validation Type Acc: 0.9219
2025-11-28 21:58:04,529 - INFO - Epoch 27/100 | Validation Type Acc: 0.9167
2025-11-28 21:58:09,474 - INFO - Epoch 28/100 | Validation Type Acc: 0.9167
2025-11-28 21:58:14,643 - INFO - Epoch 29/100 | Validation Type Acc: 0.9115
2025-11-28 21:58:19,541 - INFO - Epoch 30/100 | Validation Type Acc: 0.8854
2025-11-28 21:58:24,338 - INFO - Epoch 31/100 | Validation Type Acc: 0.8854
2025-11-28 21:58:29,089 - INFO - Epoch 32/100 | Validation Type Acc: 0.9010
2025-11-28 21:58:33,896 - INFO - Epoch 33/100 | Validation Type Acc: 0.8906
2025-11-28 21:58:38,827 - INFO - Epoch 34/100 | Validation Type Acc: 0.8906
2025-11-28 21:58:43,742 - INFO - Epoch 35/100 | Validation Type Acc: 0.8906
2025-11-28 21:58:48,562 - INFO - Epoch 36/100 | Validation Type Acc: 0.8958
2025-11-28 21:58:53,362 - INFO - Epoch 37/100 | Validation Type Acc: 0.8958
2025-11-28 21:58:58,162 - INFO - Epoch 38/100 | Validation Type Acc: 0.9062
2025-11-28 21:59:03,044 - INFO - Epoch 39/100 | Validation Type Acc: 0.8854
2025-11-28 21:59:08,081 - INFO - Epoch 40/100 | Validation Type Acc: 0.9062
2025-11-28 21:59:12,997 - INFO - Epoch 41/100 | Validation Type Acc: 0.9062
2025-11-28 21:59:17,929 - INFO - Epoch 42/100 | Validation Type Acc: 0.9167
2025-11-28 21:59:22,725 - INFO - Epoch 43/100 | Validation Type Acc: 0.9219
2025-11-28 21:59:27,563 - INFO - Epoch 44/100 | Validation Type Acc: 0.9010
2025-11-28 21:59:32,393 - INFO - Epoch 45/100 | Validation Type Acc: 0.8958
2025-11-28 21:59:37,251 - INFO - Epoch 46/100 | Validation Type Acc: 0.9167
2025-11-28 21:59:42,075 - INFO - Epoch 47/100 | Validation Type Acc: 0.9115
2025-11-28 21:59:46,970 - INFO - Epoch 48/100 | Validation Type Acc: 0.9167
2025-11-28 21:59:51,802 - INFO - Epoch 49/100 | Validation Type Acc: 0.9115
2025-11-28 21:59:56,665 - INFO - Epoch 50/100 | Validation Type Acc: 0.9062
2025-11-28 22:00:01,492 - INFO - Epoch 51/100 | Validation Type Acc: 0.9219
2025-11-28 22:00:06,391 - INFO - Epoch 52/100 | Validation Type Acc: 0.9062
2025-11-28 22:00:11,235 - INFO - Epoch 53/100 | Validation Type Acc: 0.9167
2025-11-28 22:00:16,161 - INFO - Epoch 54/100 | Validation Type Acc: 0.9167
2025-11-28 22:00:20,993 - INFO - Epoch 55/100 | Validation Type Acc: 0.9219
2025-11-28 22:00:25,903 - INFO - Epoch 56/100 | Validation Type Acc: 0.9010
2025-11-28 22:00:30,755 - INFO - Epoch 57/100 | Validation Type Acc: 0.9115
2025-11-28 22:00:35,665 - INFO - Epoch 58/100 | Validation Type Acc: 0.8958
2025-11-28 22:00:40,522 - INFO - Epoch 59/100 | Validation Type Acc: 0.8646
2025-11-28 22:00:45,467 - INFO - Epoch 60/100 | Validation Type Acc: 0.8958
2025-11-28 22:00:50,335 - INFO - Epoch 61/100 | Validation Type Acc: 0.9167
2025-11-28 22:00:55,289 - INFO - Epoch 62/100 | Validation Type Acc: 0.9167
2025-11-28 22:01:00,333 - INFO - Epoch 63/100 | Validation Type Acc: 0.9062
2025-11-28 22:01:05,483 - INFO - Epoch 64/100 | Validation Type Acc: 0.8958
2025-11-28 22:01:10,543 - INFO - Epoch 65/100 | Validation Type Acc: 0.9115
2025-11-28 22:01:15,685 - INFO - Epoch 66/100 | Validation Type Acc: 0.9375
2025-11-28 22:01:15,757 - INFO - New best multi-task model saved with acc: 0.9375
2025-11-28 22:01:20,729 - INFO - Epoch 67/100 | Validation Type Acc: 0.9219
2025-11-28 22:01:25,788 - INFO - Epoch 68/100 | Validation Type Acc: 0.8490
2025-11-28 22:01:30,841 - INFO - Epoch 69/100 | Validation Type Acc: 0.9010
2025-11-28 22:01:35,878 - INFO - Epoch 70/100 | Validation Type Acc: 0.9062
2025-11-28 22:01:40,926 - INFO - Epoch 71/100 | Validation Type Acc: 0.9323
2025-11-28 22:01:45,997 - INFO - Epoch 72/100 | Validation Type Acc: 0.8958
2025-11-28 22:01:50,992 - INFO - Epoch 73/100 | Validation Type Acc: 0.9219
2025-11-28 22:01:56,020 - INFO - Epoch 74/100 | Validation Type Acc: 0.9323
2025-11-28 22:02:00,999 - INFO - Epoch 75/100 | Validation Type Acc: 0.9219
2025-11-28 22:02:06,063 - INFO - Epoch 76/100 | Validation Type Acc: 0.9271
2025-11-28 22:02:11,228 - INFO - Epoch 77/100 | Validation Type Acc: 0.9323
2025-11-28 22:02:16,398 - INFO - Epoch 78/100 | Validation Type Acc: 0.9323
2025-11-28 22:02:21,341 - INFO - Epoch 79/100 | Validation Type Acc: 0.9323
2025-11-28 22:02:26,486 - INFO - Epoch 80/100 | Validation Type Acc: 0.9427
2025-11-28 22:02:27,022 - INFO - New best multi-task model saved with acc: 0.9427
2025-11-28 22:02:31,830 - INFO - Epoch 81/100 | Validation Type Acc: 0.8906
2025-11-28 22:02:36,822 - INFO - Epoch 82/100 | Validation Type Acc: 0.8750
2025-11-28 22:02:41,722 - INFO - Epoch 83/100 | Validation Type Acc: 0.9062
2025-11-28 22:02:46,727 - INFO - Epoch 84/100 | Validation Type Acc: 0.9167
2025-11-28 22:02:51,615 - INFO - Epoch 85/100 | Validation Type Acc: 0.9271
2025-11-28 22:02:56,545 - INFO - Epoch 86/100 | Validation Type Acc: 0.9271
2025-11-28 22:03:01,547 - INFO - Epoch 87/100 | Validation Type Acc: 0.9062
2025-11-28 22:03:06,578 - INFO - Epoch 88/100 | Validation Type Acc: 0.8958
2025-11-28 22:03:11,469 - INFO - Epoch 89/100 | Validation Type Acc: 0.9115
2025-11-28 22:03:16,552 - INFO - Epoch 90/100 | Validation Type Acc: 0.9375
2025-11-28 22:03:21,429 - INFO - Epoch 91/100 | Validation Type Acc: 0.9271
2025-11-28 22:03:26,422 - INFO - Epoch 92/100 | Validation Type Acc: 0.9271
2025-11-28 22:03:31,443 - INFO - Epoch 93/100 | Validation Type Acc: 0.9271
2025-11-28 22:03:36,338 - INFO - Epoch 94/100 | Validation Type Acc: 0.9375
2025-11-28 22:03:41,163 - INFO - Epoch 95/100 | Validation Type Acc: 0.9479
2025-11-28 22:03:41,239 - INFO - New best multi-task model saved with acc: 0.9479
2025-11-28 22:03:46,234 - INFO - Epoch 96/100 | Validation Type Acc: 0.9271
2025-11-28 22:03:51,171 - INFO - Epoch 97/100 | Validation Type Acc: 0.9062
2025-11-28 22:03:56,083 - INFO - Epoch 98/100 | Validation Type Acc: 0.9271
2025-11-28 22:04:00,986 - INFO - Epoch 99/100 | Validation Type Acc: 0.9375
2025-11-28 22:04:05,906 - INFO - Epoch 100/100 | Validation Type Acc: 0.9323
2025-11-28 22:04:05,909 - INFO - 
Pipeline finished successfully.
