2025-12-07 19:32:47,049 - INFO - Logging setup complete. Log file: /Users/adarshainamdar/Downloads/Major_Project-main/outputs/logs/training_pipeline.log
2025-12-07 19:32:47,050 - INFO - Found local data at '/Users/adarshainamdar/Downloads/Major_Project-main/data/raw'.
2025-12-07 19:32:47,050 - INFO - Starting image preprocessing (resizing to 224x224)...
2025-12-07 19:32:48,525 - INFO - Splitting data into train, validation, and test sets.
2025-12-07 19:32:48,903 - INFO - Using device: mps
2025-12-07 19:32:48,906 - INFO - === STARTING PSO OPTIMIZATION ===
2025-12-07 19:32:48,907 - INFO - --- PSO Trial: LR=0.008996, BS=54 ---

2025-12-07 19:33:20,132 - INFO - --- PSO Trial: LR=0.006233, BS=47 ---

2025-12-07 19:33:46,910 - INFO - --- PSO Trial: LR=0.009675, BS=64 ---

2025-12-07 19:34:10,719 - INFO - --- PSO Trial: LR=0.004635, BS=23 ---

2025-12-07 19:34:35,062 - INFO - --- PSO Trial: LR=0.001966, BS=19 ---

2025-12-07 19:35:00,781 - INFO - --- PSO Trial: LR=0.005290, BS=23 ---

2025-12-07 19:35:23,309 - INFO - --- PSO Trial: LR=0.002637, BS=41 ---

2025-12-07 19:35:46,609 - INFO - --- PSO Trial: LR=0.008531, BS=58 ---

2025-12-07 19:36:10,607 - INFO - --- PSO Trial: LR=0.001573, BS=52 ---

2025-12-07 19:36:35,752 - INFO - --- PSO Trial: LR=0.001548, BS=30 ---

2025-12-07 19:36:59,638 - INFO - --- PSO Trial: LR=0.009633, BS=49 ---

2025-12-07 19:37:27,254 - INFO - --- PSO Trial: LR=0.006842, BS=64 ---

2025-12-07 19:37:49,520 - INFO - --- PSO Trial: LR=0.010000, BS=38 ---

2025-12-07 19:38:11,853 - INFO - --- PSO Trial: LR=0.007850, BS=8 ---

2025-12-07 19:38:40,317 - INFO - --- PSO Trial: LR=0.000010, BS=8 ---

2025-12-07 19:39:07,520 - INFO - --- PSO Trial: LR=0.000010, BS=18 ---

2025-12-07 19:39:32,172 - INFO - --- PSO Trial: LR=0.002843, BS=31 ---

2025-12-07 19:39:57,396 - INFO - --- PSO Trial: LR=0.006837, BS=60 ---

2025-12-07 19:40:20,756 - INFO - --- PSO Trial: LR=0.003444, BS=33 ---

2025-12-07 19:40:46,593 - INFO - --- PSO Trial: LR=0.003808, BS=41 ---

2025-12-07 19:41:08,003 - INFO - --- PSO Trial: LR=0.009862, BS=46 ---

2025-12-07 19:41:31,381 - INFO - --- PSO Trial: LR=0.005139, BS=64 ---

2025-12-07 19:41:53,724 - INFO - --- PSO Trial: LR=0.009877, BS=29 ---

2025-12-07 19:42:16,880 - INFO - --- PSO Trial: LR=0.006403, BS=9 ---

2025-12-07 19:42:46,739 - INFO - --- PSO Trial: LR=0.000010, BS=22 ---

2025-12-07 19:43:09,812 - INFO - --- PSO Trial: LR=0.000010, BS=27 ---

2025-12-07 19:43:33,072 - INFO - --- PSO Trial: LR=0.002461, BS=29 ---

2025-12-07 19:43:55,121 - INFO - --- PSO Trial: LR=0.004736, BS=59 ---

2025-12-07 19:44:19,721 - INFO - --- PSO Trial: LR=0.003212, BS=30 ---

2025-12-07 19:44:41,327 - INFO - --- PSO Trial: LR=0.003579, BS=46 ---

2025-12-07 19:45:03,395 - INFO - --- PSO Trial: LR=0.009539, BS=48 ---

2025-12-07 19:45:26,431 - INFO - --- PSO Trial: LR=0.003112, BS=57 ---

2025-12-07 19:45:49,972 - INFO - --- PSO Trial: LR=0.007570, BS=28 ---

2025-12-07 19:46:11,731 - INFO - --- PSO Trial: LR=0.005194, BS=20 ---

2025-12-07 19:46:35,177 - INFO - --- PSO Trial: LR=0.000010, BS=28 ---

2025-12-07 19:46:57,866 - INFO - --- PSO Trial: LR=0.000010, BS=41 ---

2025-12-07 19:47:18,921 - INFO - --- PSO Trial: LR=0.001932, BS=28 ---

2025-12-07 19:47:40,498 - INFO - --- PSO Trial: LR=0.002855, BS=55 ---

2025-12-07 19:48:04,530 - INFO - --- PSO Trial: LR=0.002564, BS=49 ---

2025-12-07 19:48:26,839 - INFO - --- PSO Trial: LR=0.002493, BS=48 ---

2025-12-07 19:48:49,619 - INFO - --- PSO Trial: LR=0.009243, BS=50 ---

2025-12-07 19:49:13,767 - INFO - --- PSO Trial: LR=0.003061, BS=49 ---

2025-12-07 19:49:36,787 - INFO - --- PSO Trial: LR=0.006020, BS=38 ---

2025-12-07 19:49:58,700 - INFO - --- PSO Trial: LR=0.002981, BS=29 ---

2025-12-07 19:50:21,699 - INFO - --- PSO Trial: LR=0.000163, BS=32 ---

2025-12-07 19:50:44,237 - INFO - --- PSO Trial: LR=0.000010, BS=43 ---

2025-12-07 19:51:08,574 - INFO - --- PSO Trial: LR=0.001479, BS=29 ---

2025-12-07 19:51:31,320 - INFO - --- PSO Trial: LR=0.001534, BS=43 ---

2025-12-07 19:51:55,249 - INFO - --- PSO Trial: LR=0.001633, BS=59 ---

2025-12-07 19:52:19,199 - INFO - --- PSO Trial: LR=0.000499, BS=35 ---

2025-12-07 19:52:42,523 - INFO - --- PSO Trial: LR=0.007605, BS=45 ---

2025-12-07 19:53:06,816 - INFO - --- PSO Trial: LR=0.001821, BS=42 ---

2025-12-07 19:53:30,856 - INFO - --- PSO Trial: LR=0.002505, BS=40 ---

2025-12-07 19:53:54,140 - INFO - --- PSO Trial: LR=0.002160, BS=33 ---

2025-12-07 19:54:16,782 - INFO - --- PSO Trial: LR=0.000240, BS=34 ---

2025-12-07 19:54:39,988 - INFO - --- PSO Trial: LR=0.000010, BS=37 ---

2025-12-07 19:55:04,069 - INFO - --- PSO Trial: LR=0.000991, BS=31 ---

2025-12-07 19:55:29,316 - INFO - --- PSO Trial: LR=0.001076, BS=38 ---

2025-12-07 19:55:51,677 - INFO - --- PSO Trial: LR=0.000485, BS=54 ---

2025-12-07 19:56:14,880 - INFO - --- PSO Trial: LR=0.000010, BS=27 ---

2025-12-07 19:56:37,606 - INFO - PSO Best: LR=0.000163, BS=32
2025-12-07 19:56:37,606 - INFO - === BASELINE PIPELINE ===
2025-12-07 19:56:37,800 - INFO - --- Starting Baseline Model Training ---
2025-12-07 19:56:42,654 - INFO - Epoch 1 | Val Acc: 0.6458
2025-12-07 19:56:47,196 - INFO - Epoch 2 | Val Acc: 0.4844
2025-12-07 19:56:51,721 - INFO - Epoch 3 | Val Acc: 0.6198
2025-12-07 19:56:56,293 - INFO - Epoch 4 | Val Acc: 0.5938
2025-12-07 19:57:00,817 - INFO - Epoch 5 | Val Acc: 0.5469
2025-12-07 19:57:05,358 - INFO - Epoch 6 | Val Acc: 0.5260
2025-12-07 19:57:09,942 - INFO - Epoch 7 | Val Acc: 0.6562
2025-12-07 19:57:14,506 - INFO - Epoch 8 | Val Acc: 0.6250
2025-12-07 19:57:19,055 - INFO - Epoch 9 | Val Acc: 0.6354
2025-12-07 19:57:23,586 - INFO - Epoch 10 | Val Acc: 0.7500
2025-12-07 19:57:28,299 - INFO - Epoch 11 | Val Acc: 0.6875
2025-12-07 19:57:32,816 - INFO - Epoch 12 | Val Acc: 0.7083
2025-12-07 19:57:37,475 - INFO - Epoch 13 | Val Acc: 0.6927
2025-12-07 19:57:42,042 - INFO - Epoch 14 | Val Acc: 0.8281
2025-12-07 19:57:46,691 - INFO - Epoch 15 | Val Acc: 0.8073
2025-12-07 19:57:52,234 - INFO - Epoch 16 | Val Acc: 0.7552
2025-12-07 19:57:57,035 - INFO - Epoch 17 | Val Acc: 0.7812
2025-12-07 19:58:02,125 - INFO - Epoch 18 | Val Acc: 0.6771
2025-12-07 19:58:07,176 - INFO - Epoch 19 | Val Acc: 0.7031
2025-12-07 19:58:12,068 - INFO - Epoch 20 | Val Acc: 0.8229
2025-12-07 19:58:16,938 - INFO - Epoch 21 | Val Acc: 0.8021
2025-12-07 19:58:21,975 - INFO - Epoch 22 | Val Acc: 0.8646
2025-12-07 19:58:27,125 - INFO - Epoch 23 | Val Acc: 0.8281
2025-12-07 19:58:31,926 - INFO - Epoch 24 | Val Acc: 0.8594
2025-12-07 19:58:36,657 - INFO - Epoch 25 | Val Acc: 0.7760
2025-12-07 19:58:41,288 - INFO - Epoch 26 | Val Acc: 0.8177
2025-12-07 19:58:46,369 - INFO - Epoch 27 | Val Acc: 0.7604
2025-12-07 19:58:51,139 - INFO - Epoch 28 | Val Acc: 0.7760
2025-12-07 19:58:55,866 - INFO - Epoch 29 | Val Acc: 0.7240
2025-12-07 19:59:00,531 - INFO - Epoch 30 | Val Acc: 0.8177
2025-12-07 19:59:05,411 - INFO - Epoch 31 | Val Acc: 0.8542
2025-12-07 19:59:10,246 - INFO - Epoch 32 | Val Acc: 0.8438
2025-12-07 19:59:14,970 - INFO - Epoch 33 | Val Acc: 0.8646
2025-12-07 19:59:19,670 - INFO - Epoch 34 | Val Acc: 0.8177
2025-12-07 19:59:24,286 - INFO - Epoch 35 | Val Acc: 0.8333
2025-12-07 19:59:28,948 - INFO - Epoch 36 | Val Acc: 0.7448
2025-12-07 19:59:33,557 - INFO - Epoch 37 | Val Acc: 0.8906
2025-12-07 19:59:38,439 - INFO - Epoch 38 | Val Acc: 0.8750
2025-12-07 19:59:43,143 - INFO - Epoch 39 | Val Acc: 0.8958
2025-12-07 19:59:47,920 - INFO - Epoch 40 | Val Acc: 0.8646
2025-12-07 19:59:52,517 - INFO - Epoch 41 | Val Acc: 0.8490
2025-12-07 19:59:57,143 - INFO - Epoch 42 | Val Acc: 0.8646
2025-12-07 20:00:01,799 - INFO - Epoch 43 | Val Acc: 0.8385
2025-12-07 20:00:06,434 - INFO - Epoch 44 | Val Acc: 0.8385
2025-12-07 20:00:11,076 - INFO - Epoch 45 | Val Acc: 0.9010
2025-12-07 20:00:15,779 - INFO - Epoch 46 | Val Acc: 0.9271
2025-12-07 20:00:20,554 - INFO - Epoch 47 | Val Acc: 0.8177
2025-12-07 20:00:25,257 - INFO - Epoch 48 | Val Acc: 0.8750
2025-12-07 20:00:29,964 - INFO - Epoch 49 | Val Acc: 0.8073
2025-12-07 20:00:34,638 - INFO - Epoch 50 | Val Acc: 0.9010
2025-12-07 20:00:39,341 - INFO - Epoch 51 | Val Acc: 0.8281
2025-12-07 20:00:43,931 - INFO - Epoch 52 | Val Acc: 0.8438
2025-12-07 20:00:48,693 - INFO - Epoch 53 | Val Acc: 0.8698
2025-12-07 20:00:53,273 - INFO - Epoch 54 | Val Acc: 0.8646
2025-12-07 20:00:57,998 - INFO - Epoch 55 | Val Acc: 0.8646
2025-12-07 20:01:02,616 - INFO - Epoch 56 | Val Acc: 0.7812
2025-12-07 20:01:07,270 - INFO - Epoch 57 | Val Acc: 0.7604
2025-12-07 20:01:11,929 - INFO - Epoch 58 | Val Acc: 0.8750
2025-12-07 20:01:16,577 - INFO - Epoch 59 | Val Acc: 0.8438
2025-12-07 20:01:21,224 - INFO - Epoch 60 | Val Acc: 0.9115
2025-12-07 20:01:25,926 - INFO - Epoch 61 | Val Acc: 0.9167
2025-12-07 20:01:30,643 - INFO - Epoch 62 | Val Acc: 0.9323
2025-12-07 20:01:35,323 - INFO - Epoch 63 | Val Acc: 0.9062
2025-12-07 20:01:40,117 - INFO - Epoch 64 | Val Acc: 0.9167
2025-12-07 20:01:44,715 - INFO - Epoch 65 | Val Acc: 0.8646
2025-12-07 20:01:49,421 - INFO - Epoch 66 | Val Acc: 0.8073
2025-12-07 20:01:54,056 - INFO - Epoch 67 | Val Acc: 0.8802
2025-12-07 20:01:58,750 - INFO - Epoch 68 | Val Acc: 0.8802
2025-12-07 20:02:03,380 - INFO - Epoch 69 | Val Acc: 0.9115
2025-12-07 20:02:08,083 - INFO - Epoch 70 | Val Acc: 0.8958
2025-12-07 20:02:12,787 - INFO - Epoch 71 | Val Acc: 0.9271
2025-12-07 20:02:18,226 - INFO - Epoch 72 | Val Acc: 0.8698
2025-12-07 20:02:23,128 - INFO - Epoch 73 | Val Acc: 0.6302
2025-12-07 20:02:27,919 - INFO - Epoch 74 | Val Acc: 0.8594
2025-12-07 20:02:32,609 - INFO - Epoch 75 | Val Acc: 0.8646
2025-12-07 20:02:37,347 - INFO - Epoch 76 | Val Acc: 0.8802
2025-12-07 20:02:42,265 - INFO - Epoch 77 | Val Acc: 0.8958
2025-12-07 20:02:47,060 - INFO - Epoch 78 | Val Acc: 0.7917
2025-12-07 20:02:52,171 - INFO - Epoch 79 | Val Acc: 0.8333
2025-12-07 20:02:57,191 - INFO - Epoch 80 | Val Acc: 0.8281
2025-12-07 20:03:02,155 - INFO - Epoch 81 | Val Acc: 0.8542
2025-12-07 20:03:07,175 - INFO - Epoch 82 | Val Acc: 0.7604
2025-12-07 20:03:12,015 - INFO - Epoch 83 | Val Acc: 0.9010
2025-12-07 20:03:16,807 - INFO - Epoch 84 | Val Acc: 0.8854
2025-12-07 20:03:21,501 - INFO - Epoch 85 | Val Acc: 0.8906
2025-12-07 20:03:26,162 - INFO - Epoch 86 | Val Acc: 0.7656
2025-12-07 20:03:30,922 - INFO - Epoch 87 | Val Acc: 0.8958
2025-12-07 20:03:35,552 - INFO - Epoch 88 | Val Acc: 0.8333
2025-12-07 20:03:40,400 - INFO - Epoch 89 | Val Acc: 0.8854
2025-12-07 20:03:45,077 - INFO - Epoch 90 | Val Acc: 0.8490
2025-12-07 20:03:49,794 - INFO - Epoch 91 | Val Acc: 0.9010
2025-12-07 20:03:54,454 - INFO - Epoch 92 | Val Acc: 0.8958
2025-12-07 20:03:59,121 - INFO - Epoch 93 | Val Acc: 0.8125
2025-12-07 20:04:03,763 - INFO - Epoch 94 | Val Acc: 0.8021
2025-12-07 20:04:08,521 - INFO - Epoch 95 | Val Acc: 0.8646
2025-12-07 20:04:13,168 - INFO - Epoch 96 | Val Acc: 0.8958
2025-12-07 20:04:17,787 - INFO - Epoch 97 | Val Acc: 0.9115
2025-12-07 20:04:22,483 - INFO - Epoch 98 | Val Acc: 0.9323
2025-12-07 20:04:27,121 - INFO - Epoch 99 | Val Acc: 0.8854
2025-12-07 20:04:31,866 - INFO - Epoch 100 | Val Acc: 0.9010
2025-12-07 20:04:31,867 - INFO - --- Evaluating Model on Test Set ---
2025-12-07 20:04:33,459 - INFO - === MULTITASKS PIPELINE ===
2025-12-07 20:04:33,653 - INFO - --- Starting Multi-Task Model Training ---
2025-12-07 20:04:38,150 - INFO - Epoch 1 | Val Type Acc: 0.6875
2025-12-07 20:04:42,673 - INFO - Epoch 2 | Val Type Acc: 0.7552
2025-12-07 20:04:47,311 - INFO - Epoch 3 | Val Type Acc: 0.8229
2025-12-07 20:04:52,049 - INFO - Epoch 4 | Val Type Acc: 0.8073
2025-12-07 20:04:56,689 - INFO - Epoch 5 | Val Type Acc: 0.8333
2025-12-07 20:05:01,462 - INFO - Epoch 6 | Val Type Acc: 0.8906
2025-12-07 20:05:06,227 - INFO - Epoch 7 | Val Type Acc: 0.8854
2025-12-07 20:05:10,978 - INFO - Epoch 8 | Val Type Acc: 0.9219
2025-12-07 20:05:15,661 - INFO - Epoch 9 | Val Type Acc: 0.8802
2025-12-07 20:05:20,446 - INFO - Epoch 10 | Val Type Acc: 0.9115
2025-12-07 20:05:25,088 - INFO - Epoch 11 | Val Type Acc: 0.9323
2025-12-07 20:05:29,900 - INFO - Epoch 12 | Val Type Acc: 0.9271
2025-12-07 20:05:34,534 - INFO - Epoch 13 | Val Type Acc: 0.8802
2025-12-07 20:05:39,243 - INFO - Epoch 14 | Val Type Acc: 0.9010
2025-12-07 20:05:43,893 - INFO - Epoch 15 | Val Type Acc: 0.9427
2025-12-07 20:05:48,607 - INFO - Epoch 16 | Val Type Acc: 0.8958
2025-12-07 20:05:53,280 - INFO - Epoch 17 | Val Type Acc: 0.9062
2025-12-07 20:05:57,986 - INFO - Epoch 18 | Val Type Acc: 0.9167
2025-12-07 20:06:02,687 - INFO - Epoch 19 | Val Type Acc: 0.9062
2025-12-07 20:06:07,385 - INFO - Epoch 20 | Val Type Acc: 0.9375
2025-12-07 20:06:12,103 - INFO - Epoch 21 | Val Type Acc: 0.9167
2025-12-07 20:06:16,721 - INFO - Epoch 22 | Val Type Acc: 0.9375
2025-12-07 20:06:21,443 - INFO - Epoch 23 | Val Type Acc: 0.9375
2025-12-07 20:06:26,099 - INFO - Epoch 24 | Val Type Acc: 0.9219
2025-12-07 20:06:30,883 - INFO - Epoch 25 | Val Type Acc: 0.9531
2025-12-07 20:06:35,565 - INFO - Epoch 26 | Val Type Acc: 0.9583
2025-12-07 20:06:40,384 - INFO - Epoch 27 | Val Type Acc: 0.9167
2025-12-07 20:06:45,065 - INFO - Epoch 28 | Val Type Acc: 0.9062
2025-12-07 20:06:49,734 - INFO - Epoch 29 | Val Type Acc: 0.9583
2025-12-07 20:06:54,373 - INFO - Epoch 30 | Val Type Acc: 0.9115
2025-12-07 20:06:59,095 - INFO - Epoch 31 | Val Type Acc: 0.9167
2025-12-07 20:07:03,744 - INFO - Epoch 32 | Val Type Acc: 0.8906
2025-12-07 20:07:08,414 - INFO - Epoch 33 | Val Type Acc: 0.9635
2025-12-07 20:07:13,109 - INFO - Epoch 34 | Val Type Acc: 0.9688
2025-12-07 20:07:18,786 - INFO - Epoch 35 | Val Type Acc: 0.9375
2025-12-07 20:07:23,544 - INFO - Epoch 36 | Val Type Acc: 0.8958
2025-12-07 20:07:28,455 - INFO - Epoch 37 | Val Type Acc: 0.8906
2025-12-07 20:07:34,392 - INFO - Epoch 38 | Val Type Acc: 0.9427
2025-12-07 20:07:39,421 - INFO - Epoch 39 | Val Type Acc: 0.9375
2025-12-07 20:07:44,356 - INFO - Epoch 40 | Val Type Acc: 0.9427
2025-12-07 20:07:49,603 - INFO - Epoch 41 | Val Type Acc: 0.9219
2025-12-07 20:07:54,219 - INFO - Epoch 42 | Val Type Acc: 0.9375
2025-12-07 20:07:58,812 - INFO - Epoch 43 | Val Type Acc: 0.9167
2025-12-07 20:08:03,445 - INFO - Epoch 44 | Val Type Acc: 0.9115
2025-12-07 20:08:08,071 - INFO - Epoch 45 | Val Type Acc: 0.8854
2025-12-07 20:08:12,701 - INFO - Epoch 46 | Val Type Acc: 0.9010
2025-12-07 20:08:17,290 - INFO - Epoch 47 | Val Type Acc: 0.9271
2025-12-07 20:08:22,013 - INFO - Epoch 48 | Val Type Acc: 0.9010
2025-12-07 20:08:26,633 - INFO - Epoch 49 | Val Type Acc: 0.9167
2025-12-07 20:08:31,280 - INFO - Epoch 50 | Val Type Acc: 0.9375
2025-12-07 20:08:35,874 - INFO - Epoch 51 | Val Type Acc: 0.9219
2025-12-07 20:08:40,542 - INFO - Epoch 52 | Val Type Acc: 0.9583
2025-12-07 20:08:45,162 - INFO - Epoch 53 | Val Type Acc: 0.9479
2025-12-07 20:08:49,809 - INFO - Epoch 54 | Val Type Acc: 0.9219
2025-12-07 20:08:54,417 - INFO - Epoch 55 | Val Type Acc: 0.9323
2025-12-07 20:08:59,013 - INFO - Epoch 56 | Val Type Acc: 0.9375
2025-12-07 20:09:03,653 - INFO - Epoch 57 | Val Type Acc: 0.9167
2025-12-07 20:09:08,301 - INFO - Epoch 58 | Val Type Acc: 0.9479
2025-12-07 20:09:12,942 - INFO - Epoch 59 | Val Type Acc: 0.9479
2025-12-07 20:09:17,493 - INFO - Epoch 60 | Val Type Acc: 0.9531
2025-12-07 20:09:22,153 - INFO - Epoch 61 | Val Type Acc: 0.9427
2025-12-07 20:09:26,748 - INFO - Epoch 62 | Val Type Acc: 0.8385
2025-12-07 20:09:31,424 - INFO - Epoch 63 | Val Type Acc: 0.8646
2025-12-07 20:09:36,001 - INFO - Epoch 64 | Val Type Acc: 0.8958
2025-12-07 20:09:40,646 - INFO - Epoch 65 | Val Type Acc: 0.9062
2025-12-07 20:09:45,263 - INFO - Epoch 66 | Val Type Acc: 0.8802
2025-12-07 20:09:49,864 - INFO - Epoch 67 | Val Type Acc: 0.9219
2025-12-07 20:09:54,477 - INFO - Epoch 68 | Val Type Acc: 0.9167
2025-12-07 20:09:59,175 - INFO - Epoch 69 | Val Type Acc: 0.9062
2025-12-07 20:10:03,887 - INFO - Epoch 70 | Val Type Acc: 0.9167
2025-12-07 20:10:08,537 - INFO - Epoch 71 | Val Type Acc: 0.8698
2025-12-07 20:10:13,938 - INFO - Epoch 72 | Val Type Acc: 0.8854
2025-12-07 20:10:19,044 - INFO - Epoch 73 | Val Type Acc: 0.9375
2025-12-07 20:10:23,976 - INFO - Epoch 74 | Val Type Acc: 0.9479
2025-12-07 20:10:28,645 - INFO - Epoch 75 | Val Type Acc: 0.9479
2025-12-07 20:10:33,255 - INFO - Epoch 76 | Val Type Acc: 0.9583
2025-12-07 20:10:37,846 - INFO - Epoch 77 | Val Type Acc: 0.9479
2025-12-07 20:10:42,469 - INFO - Epoch 78 | Val Type Acc: 0.9479
2025-12-07 20:10:47,061 - INFO - Epoch 79 | Val Type Acc: 0.9531
2025-12-07 20:10:51,664 - INFO - Epoch 80 | Val Type Acc: 0.9583
2025-12-07 20:10:56,273 - INFO - Epoch 81 | Val Type Acc: 0.9531
2025-12-07 20:11:00,865 - INFO - Epoch 82 | Val Type Acc: 0.9583
2025-12-07 20:11:05,469 - INFO - Epoch 83 | Val Type Acc: 0.9375
2025-12-07 20:11:10,160 - INFO - Epoch 84 | Val Type Acc: 0.9427
2025-12-07 20:11:14,801 - INFO - Epoch 85 | Val Type Acc: 0.9479
2025-12-07 20:11:19,366 - INFO - Epoch 86 | Val Type Acc: 0.9479
2025-12-07 20:11:24,017 - INFO - Epoch 87 | Val Type Acc: 0.9479
2025-12-07 20:11:28,656 - INFO - Epoch 88 | Val Type Acc: 0.9427
2025-12-07 20:11:34,487 - INFO - Epoch 89 | Val Type Acc: 0.9479
2025-12-07 20:11:40,131 - INFO - Epoch 90 | Val Type Acc: 0.9531
2025-12-07 20:11:44,971 - INFO - Epoch 91 | Val Type Acc: 0.9479
2025-12-07 20:11:50,198 - INFO - Epoch 92 | Val Type Acc: 0.9479
2025-12-07 20:11:54,836 - INFO - Epoch 93 | Val Type Acc: 0.9427
2025-12-07 20:11:59,386 - INFO - Epoch 94 | Val Type Acc: 0.8906
2025-12-07 20:12:03,990 - INFO - Epoch 95 | Val Type Acc: 0.9219
2025-12-07 20:12:08,648 - INFO - Epoch 96 | Val Type Acc: 0.9062
2025-12-07 20:12:13,251 - INFO - Epoch 97 | Val Type Acc: 0.8646
2025-12-07 20:12:17,817 - INFO - Epoch 98 | Val Type Acc: 0.8906
2025-12-07 20:12:22,387 - INFO - Epoch 99 | Val Type Acc: 0.9010
2025-12-07 20:12:28,148 - INFO - Epoch 100 | Val Type Acc: 0.9115
